\set ECHO none
 geoip_country_code 
--------------------
 CC
(1 row)

 begin_ip  |    end_ip     | country |   name    
-----------+---------------+---------+-----------
 78.44.0.0 | 78.45.255.255 | CC      | Country C
(1 row)

 geoip_country_code 
--------------------
 
(1 row)

 geoip_country_code 
--------------------
 
(1 row)

 geoip_country_code 
--------------------
 
(1 row)

 geoip_country_code 
--------------------
 
(1 row)

 geoip_country_code 
--------------------
 
(1 row)

 geoip_country_code 
--------------------
 
(1 row)

 geoip_city_location 
---------------------
               21235
(1 row)

 geoname_id | country_iso_code | city_name | postal_code | metro_code | latitude | longitude 
------------+------------------+-----------+-------------+------------+----------+-----------
      21235 | CZ               | City A    | postal A    | metro A    |  50.0833 |   14.4667
(1 row)

 geoip_city_location 
---------------------
                    
(1 row)

 geoname_id | country_iso_code | city_name | postal_code | metro_code | latitude | longitude 
------------+------------------+-----------+-------------+------------+----------+-----------
            |                  |           |             |            |          |          
(1 row)

 geoip_city_location 
---------------------
                    
(1 row)

 geoname_id | country_iso_code | city_name | postal_code | metro_code | latitude | longitude 
------------+------------------+-----------+-------------+------------+----------+-----------
            |                  |           |             |            |          |          
(1 row)

 geoip_city_location 
---------------------
                    
(1 row)

 geoname_id | country_iso_code | city_name | postal_code | metro_code | latitude | longitude 
------------+------------------+-----------+-------------+------------+----------+-----------
            |                  |           |             |            |          |          
(1 row)

 begin_ip  |   end_ip    | asn_number |  asn_name   
-----------+-------------+------------+-------------
 1.11.64.0 | 1.11.95.255 |      38091 | CJ-CABLENET
(1 row)

 begin_ip | end_ip | asn_number | asn_name 
----------+--------+------------+----------
          |        |            | 
(1 row)

